// Jest Snapshot v1, https://goo.gl/fbAQLP

exports[`unit/Deposits #onERC721Received on successful transfer with staking data has gas cost 1`] = `362451`;

exports[`unit/Deposits #transferDeposit has gas cost 1`] = `32417`;

exports[`unit/Deposits #withdrawToken works and has gas cost 1`] = `79144`;
