// Jest Snapshot v1, https://goo.gl/fbAQLP

exports[`unit/Stakes #claimReward when requesting the full amount has gas cost 1`] = `47470`;

exports[`unit/Stakes #stakeToken works and has gas cost 1`] = `252331`;

exports[`unit/Stakes #unstakeToken works and has gas cost 1`] = `41230`;
